C51 COMPILER V9.60.7.0   MAIN                                                              10/17/2025 23:46:27 PAGE 1   


C51 COMPILER V9.60.7.0, COMPILATION OF MODULE MAIN
OBJECT MODULE PLACED IN .\Objects\main.obj
COMPILER INVOKED BY: D:\Keil\C51\BIN\C51.EXE main.c OPTIMIZE(8,SPEED) BROWSE DEBUG OBJECTEXTEND PRINT(.\Listings\main.ls
                    -t) OBJECT(.\Objects\main.obj)

line level    source

   1          #include <REGX52.H>
   2          #include "DELAY.H"
   3          #include "mATRIXLED.h"
   4          
   5          unsigned char Animation[]={
   6          0x00,0x00,0x00,0x00,0x00,0x00,0x00,0x00,        
   7          0x00,0x00,0x1F,0x3C,0x1F,0x00,0x00,0x00,
   8          0x00,0x00,0x07,0x1C,0x3F,0x60,0x00,0x00,
   9          0x00,0x00,0x00,0x00,0x00,0x00,0x00,0x00,        
  10          };
  11          
  12          void main()
  13          {
  14   1              unsigned char i,Offset=0,Count;
  15   1              MatrixLED_Init();
  16   1              while(1)
  17   1              {
  18   2                      for(i=0;i<8;i++)
  19   2                      {
  20   3                              MatrixLED_ShowColumn(i,Animation[i+Offset]);
  21   3                      }
  22   2                      Count++;
  23   2                      if(Count>10)
  24   2                      {
  25   3                              Count=0;
  26   3                              Offset++;       
  27   3                      }
  28   2                      if(Offset>32)Offset=0;
  29   2              }
  30   1      }


MODULE INFORMATION:   STATIC OVERLAYABLE
   CODE SIZE        =     60    ----
   CONSTANT SIZE    =   ----    ----
   XDATA SIZE       =   ----    ----
   PDATA SIZE       =   ----    ----
   DATA SIZE        =     32       3
   IDATA SIZE       =   ----    ----
   BIT SIZE         =   ----    ----
END OF MODULE INFORMATION.


C51 COMPILATION COMPLETE.  0 WARNING(S),  0 ERROR(S)
